// Jest Snapshot v1, https://goo.gl/fbAQLP

exports[`calcMacroNeedsLeft() should calculate macro differences properly 1`] = `
Object {
  "diff": 600,
  "eaten": 400,
  "needed": 1000,
  "ratio": 40,
}
`;

exports[`sortByMostAccurateName() should sort items by most matching name 1`] = `
Array [
  Object {
    "name": "Orange",
  },
  Object {
    "name": "Orange a",
  },
  Object {
    "name": "Eng",
  },
]
`;
