// Jest Snapshot v1, https://goo.gl/fbAQLP

exports[`Meal.getMacroSummary - returns macro history and calculates average values 1`] = `
Object {
  "average": Object {
    "carbs": 17,
    "fats": 0,
    "kcal": 4,
    "prots": 0,
  },
  "data": Array [
    Object {
      "carbs": 0,
      "day": "2018-12-31",
      "fats": 0,
      "kcal": 0,
      "prots": 0,
    },
    Object {
      "carbs": 0,
      "day": "2019-01-01",
      "fats": 0,
      "kcal": 0,
      "prots": 0,
    },
    Object {
      "carbs": 0,
      "day": "2019-01-02",
      "fats": 0,
      "kcal": 0,
      "prots": 0,
    },
    Object {
      "carbs": 40,
      "day": "2019-01-03",
      "fats": 0,
      "kcal": 10,
      "prots": 0,
    },
    Object {
      "carbs": 0,
      "day": "2019-01-04",
      "fats": 0,
      "kcal": 0,
      "prots": 0,
    },
    Object {
      "carbs": 0,
      "day": "2019-01-05",
      "fats": 0,
      "kcal": 0,
      "prots": 0,
    },
    Object {
      "carbs": 80,
      "day": "2019-01-06",
      "fats": 0,
      "kcal": 20,
      "prots": 0,
    },
  ],
}
`;
